
> nodejs-backend-toolkit@1.0.0 test
> jest

npm : ts-jest[ts-jest-transformer] (WARN) Define `ts-jest` config under 
`globals` is deprecated. Please do
At line:1 char:1
+ npm test > test_output.txt 2>&1 ; echo "Tests completed" ; type test_ ...
+ ~~~~~~~~~~~~~~~~~~~~~~~~~~~~~~~
    + CategoryInfo          : NotSpecified: (ts-jest[ts-jest...ated. Please do 
   :String) [], RemoteException
    + FullyQualifiedErrorId : NativeCommandError
 
transform: {
    <transform_regex>: ['ts-jest', { /* ts-jest config goes here in Jest */ }],
},
See more at 
https://kulshekhar.github.io/ts-jest/docs/getting-started/presets#advanced
ts-jest[ts-jest-transformer] (WARN) Define `ts-jest` config under `globals` is 
deprecated. Please do
transform: {
    <transform_regex>: ['ts-jest', { /* ts-jest config goes here in Jest */ }],
},
See more at 
https://kulshekhar.github.io/ts-jest/docs/getting-started/presets#advanced
ts-jest[ts-jest-transformer] (WARN) Define `ts-jest` config under `globals` is 
deprecated. Please do
transform: {
    <transform_regex>: ['ts-jest', { /* ts-jest config goes here in Jest */ }],
},
See more at 
https://kulshekhar.github.io/ts-jest/docs/getting-started/presets#advanced
ts-jest[ts-jest-transformer] (WARN) Define `ts-jest` config under `globals` is 
deprecated. Please do
transform: {
    <transform_regex>: ['ts-jest', { /* ts-jest config goes here in Jest */ }],
},
See more at 
https://kulshekhar.github.io/ts-jest/docs/getting-started/presets#advanced
ts-jest[ts-jest-transformer] (WARN) Define `ts-jest` config under `globals` is 
deprecated. Please do
transform: {
    <transform_regex>: ['ts-jest', { /* ts-jest config goes here in Jest */ }],
},
See more at 
https://kulshekhar.github.io/ts-jest/docs/getting-started/presets#advanced
ts-jest[ts-jest-transformer] (WARN) Define `ts-jest` config under `globals` is 
deprecated. Please do
transform: {
    <transform_regex>: ['ts-jest', { /* ts-jest config goes here in Jest */ }],
},
See more at 
https://kulshekhar.github.io/ts-jest/docs/getting-started/presets#advanced
ts-jest[ts-jest-transformer] (WARN) Define `ts-jest` config under `globals` is 
deprecated. Please do
transform: {
    <transform_regex>: ['ts-jest', { /* ts-jest config goes here in Jest */ }],
},
See more at 
https://kulshekhar.github.io/ts-jest/docs/getting-started/presets#advanced
PASS src/tests/controllers/payment.controller.test.ts (37.289 s)
PASS src/tests/controllers/dashboard.controller.test.ts (37.991 s)
PASS src/tests/controllers/user.controller.test.ts (38.365 s)
PASS src/tests/controllers/audit.controller.test.ts (38.219 s)
PASS src/tests/controllers/email.controller.test.ts (38.771 s)
  ΓùÅ Console

    console.log
      [33mwarn[39m: Email service not configured - missing credentials 
{"timestamp":"2026-04-05 03:11:00"}

      at Console.log 
(node_modules/winston/lib/winston/transports/console.js:87:23)

PASS src/tests/controllers/auth.controller.test.ts (38.887 s)
PASS src/tests/controllers/search.controller.test.ts (39.654 s)
  ΓùÅ Console

    console.log
      [33mwarn[39m: Search service not configured {"timestamp":"2026-04-05 
03:11:02"}

      at Console.log 
(node_modules/winston/lib/winston/transports/console.js:87:23)

PASS src/tests/controllers/notification.controller.test.ts
  ΓùÅ Console

    console.log
      [33mwarn[39m: Email service not configured - missing credentials 
{"timestamp":"2026-04-05 03:11:04"}

      at Console.log 
(node_modules/winston/lib/winston/transports/console.js:87:23)


Test Suites: 8 passed, 8 total
Tests:       60 passed, 60 total
Snapshots:   0 total
Time:        43.47 s, estimated 50 s
Ran all test suites.
